../external/typescript/src/services/es5compat.ts
../external/typescript/src/services/breakpoints.ts
../external/typescript/src/services/completionHelpers.ts
../external/typescript/src/services/diagnosticsParser.ts
../external/typescript/src/services/shims.ts
../external/typescript/src/services/completionSession.ts
../external/typescript/src/services/findReferenceHelpers.ts
../external/typescript/src/services/outliningElementsCollector.ts
../external/typescript/src/services/signatureInfoHelpers.ts
../external/typescript/src/services/indenter.ts
../external/typescript/src/services/coreServices.ts
../external/typescript/src/services/pullLanguageService.ts
../external/typescript/src/services/braceMatcher.ts
../external/typescript/src/services/typescriptServices.ts
../external/typescript/src/services/classifier.ts
../external/typescript/src/services/languageService.ts
../external/typescript/src/services/diagnosticServices.ts
../external/typescript/src/services/keywordCompletions.ts
../external/typescript/src/services/compilerState.ts
../external/typescript/src/compiler/diagnostics.ts
../external/typescript/src/compiler/declarationEmitter.ts
../external/typescript/src/compiler/resources/diagnosticInformationMap.generated.ts
../external/typescript/src/compiler/resources/references.ts
../external/typescript/src/compiler/resources/diagnosticCode.generated.ts
../external/typescript/src/compiler/referenceResolver.ts
../external/typescript/src/compiler/nodeTypes.ts
../external/typescript/src/compiler/precompile.ts
../external/typescript/src/compiler/bloomFilter.ts
../external/typescript/src/compiler/core/timer.ts
../external/typescript/src/compiler/core/debug.ts
../external/typescript/src/compiler/core/cancellationToken.ts
../external/typescript/src/compiler/core/errors.ts
../external/typescript/src/compiler/core/JSON3.ts
../external/typescript/src/compiler/core/cancellationTokenSource.ts
../external/typescript/src/compiler/core/mathPrototype.ts
../external/typescript/src/compiler/core/stringTable.ts
../external/typescript/src/compiler/core/arrayUtilities.ts
../external/typescript/src/compiler/core/environment.ts
../external/typescript/src/compiler/core/references.ts
../external/typescript/src/compiler/core/hashTable.ts
../external/typescript/src/compiler/core/require.ts
../external/typescript/src/compiler/core/diagnostic.ts
../external/typescript/src/compiler/core/integerUtilities.ts
../external/typescript/src/compiler/core/diagnosticCategory.ts
../external/typescript/src/compiler/core/hash.ts
../external/typescript/src/compiler/core/diagnosticInfo.ts
../external/typescript/src/compiler/core/constants.ts
../external/typescript/src/compiler/core/stringUtilities.ts
../external/typescript/src/compiler/typecheck/pullSymbolBinder.ts
../external/typescript/src/compiler/typecheck/pullDeclDiffer.ts
../external/typescript/src/compiler/typecheck/pullHelpers.ts
../external/typescript/src/compiler/typecheck/pullSemanticInfo.ts
../external/typescript/src/compiler/typecheck/dataMap.ts
../external/typescript/src/compiler/typecheck/pullFlags.ts
../external/typescript/src/compiler/typecheck/pullDeclCollection.ts
../external/typescript/src/compiler/typecheck/pullTypeResolutionContext.ts
../external/typescript/src/compiler/typecheck/pullSymbolBindingContext.ts
../external/typescript/src/compiler/typecheck/pullTypeResolution.ts
../external/typescript/src/compiler/typecheck/pullTypeChecker.ts
../external/typescript/src/compiler/typecheck/pullSymbolGraph.ts
../external/typescript/src/compiler/typecheck/SemanticDiagnostic.ts
../external/typescript/src/compiler/typecheck/pullDecls.ts
../external/typescript/src/compiler/typecheck/pullSymbols.ts
../external/typescript/src/compiler/referenceResolution.ts
../external/typescript/src/compiler/sourceMapping.ts
../external/typescript/src/compiler/emitter.ts
../external/typescript/src/compiler/types.ts
../external/typescript/src/compiler/ast.ts
../external/typescript/src/compiler/text/characterCodes.ts
../external/typescript/src/compiler/text/textChangeRange.ts
../external/typescript/src/compiler/text/lineMap.ts
../external/typescript/src/compiler/text/textLine.ts
../external/typescript/src/compiler/text/textSpan.ts
../external/typescript/src/compiler/text/scriptSnapshot.ts
../external/typescript/src/compiler/text/linePosition.ts
../external/typescript/src/compiler/text/references.ts
../external/typescript/src/compiler/text/text.ts
../external/typescript/src/compiler/text/textFactory.ts
../external/typescript/src/compiler/text/textUtilities.ts
../external/typescript/src/compiler/text/lineAndCharacter.ts
../external/typescript/src/compiler/optionsParser.ts
../external/typescript/src/compiler/process.ts
../external/typescript/src/compiler/io.ts
../external/typescript/src/compiler/syntaxTreeToAstVisitor.ts
../external/typescript/src/compiler/hashTable.ts
../external/typescript/src/compiler/flags.ts
../external/typescript/src/compiler/base64.ts
../external/typescript/src/compiler/astWalker.ts
../external/typescript/src/compiler/enumerator.ts
../external/typescript/src/compiler/symbols/ITypeInfo.ts
../external/typescript/src/compiler/symbols/ISemanticModel.ts
../external/typescript/src/compiler/symbols/ITypeSymbol.ts
../external/typescript/src/compiler/symbols/SymbolDisplay.Format.ts
../external/typescript/src/compiler/symbols/ICompilation.ts
../external/typescript/src/compiler/symbols/ISignatureSymbol.ts
../external/typescript/src/compiler/symbols/ISymbol.ts
../external/typescript/src/compiler/symbols/ISymbolInfo.ts
../external/typescript/src/compiler/symbols/ISymbolVisitor.ts
../external/typescript/src/compiler/symbols/MethodKind.ts
../external/typescript/src/compiler/symbols/SymbolDisplay.ts
../external/typescript/src/compiler/symbols/TypeKind.ts
../external/typescript/src/compiler/symbols/SymbolKind.ts
../external/typescript/src/compiler/symbols/IMemberSymbol.ts
../external/typescript/src/compiler/symbols/Accessibility.ts
../external/typescript/src/compiler/pathUtils.ts
../external/typescript/src/compiler/astPath.ts
../external/typescript/src/compiler/syntax/syntaxList.ts
../external/typescript/src/compiler/syntax/syntaxIndenter.ts
../external/typescript/src/compiler/syntax/scanner.ts
../external/typescript/src/compiler/syntax/syntaxNodeOrToken.ts
../external/typescript/src/compiler/syntax/syntaxInformationMap.ts
../external/typescript/src/compiler/syntax/syntaxKind.ts
../external/typescript/src/compiler/syntax/syntaxVisitor.generated.ts
../external/typescript/src/compiler/syntax/syntaxFactory.generated.ts
../external/typescript/src/compiler/syntax/positionedElement.ts
../external/typescript/src/compiler/syntax/syntaxToken.ts
../external/typescript/src/compiler/syntax/languageVersion.ts
../external/typescript/src/compiler/syntax/syntaxFacts2.ts
../external/typescript/src/compiler/syntax/formattingOptions.ts
../external/typescript/src/compiler/syntax/syntaxTree.ts
../external/typescript/src/compiler/syntax/unicode.ts
../external/typescript/src/compiler/syntax/syntaxFacts.ts
../external/typescript/src/compiler/syntax/syntaxElement.ts
../external/typescript/src/compiler/syntax/prettyPrinter.ts
../external/typescript/src/compiler/syntax/depthLimitedWalker.ts
../external/typescript/src/compiler/syntax/emitter.ts
../external/typescript/src/compiler/syntax/syntaxTokenReplacer.ts
../external/typescript/src/compiler/syntax/syntaxTrivia.ts
../external/typescript/src/compiler/syntax/slidingWindow.ts
../external/typescript/src/compiler/syntax/syntaxNode.ts
../external/typescript/src/compiler/syntax/references.ts
../external/typescript/src/compiler/syntax/characterInfo.ts
../external/typescript/src/compiler/syntax/syntaxTriviaList.ts
../external/typescript/src/compiler/syntax/indentation.ts
../external/typescript/src/compiler/syntax/parseOptions.ts
../external/typescript/src/compiler/syntax/syntaxToken.generated.ts
../external/typescript/src/compiler/syntax/syntaxNodeInvariantsChecker.ts
../external/typescript/src/compiler/syntax/syntaxDedenter.ts
../external/typescript/src/compiler/syntax/syntaxNodes.generated.ts
../external/typescript/src/compiler/syntax/syntaxUtilities.ts
../external/typescript/src/compiler/syntax/textSpanWalker.ts
../external/typescript/src/compiler/syntax/separatedSyntaxList.ts
../external/typescript/src/compiler/syntax/positionTrackingWalker.ts
../external/typescript/src/compiler/syntax/strings.ts
../external/typescript/src/compiler/syntax/syntaxGenerator.ts
../external/typescript/src/compiler/syntax/syntaxWalker.generated.ts
../external/typescript/src/compiler/syntax/syntax.ts
../external/typescript/src/compiler/syntax/constants.ts
../external/typescript/src/compiler/syntax/scannerUtilities.generated.ts
../external/typescript/src/compiler/syntax/parser.ts
../external/typescript/src/compiler/syntax/syntaxRewriter.generated.ts
../external/typescript/src/compiler/tsc.ts
../external/typescript/src/compiler/identifierWalker.ts
../external/typescript/src/compiler/typescript.ts
