../external/typescript/src/compiler/io.ts
../external/typescript/src/services/braceMatcher.ts
../external/typescript/src/services/breakpoints.ts
../external/typescript/src/services/classifier.ts
../external/typescript/src/services/compilerState.ts
../external/typescript/src/services/completionHelpers.ts
../external/typescript/src/services/completionSession.ts
../external/typescript/src/services/coreServices.ts
../external/typescript/src/services/diagnosticServices.ts
../external/typescript/src/services/es5compat.ts
../external/typescript/src/services/findReferenceHelpers.ts
../external/typescript/src/services/indenter.ts
../external/typescript/src/services/keywordCompletions.ts
../external/typescript/src/services/languageService.ts
../external/typescript/src/services/outliningElementsCollector.ts
../external/typescript/src/services/pullLanguageService.ts
../external/typescript/src/services/shims.ts
../external/typescript/src/services/signatureInfoHelpers.ts
../external/typescript/src/services/typescriptServices.ts
harness-modified.ts
ts2cs-generator.ts
